[backblue.gif]
[fade.gif]
[index.html]
[www.apiprovence.org/index.html]
[www.apiprovence.org/wp-content/themes/api-provence/favicon/apple-icon-57x57.png]
[www.apiprovence.org/wp-content/themes/api-provence/favicon/apple-icon-60x60.png]
[www.apiprovence.org/wp-content/themes/api-provence/favicon/apple-icon-72x72.png]
[www.apiprovence.org/wp-content/themes/api-provence/favicon/apple-icon-76x76.png]
[www.apiprovence.org/wp-content/themes/api-provence/favicon/apple-icon-114x114.png]
[www.apiprovence.org/wp-content/themes/api-provence/favicon/apple-icon-120x120.png]
[www.apiprovence.org/wp-content/themes/api-provence/favicon/apple-icon-144x144.png]
[www.apiprovence.org/wp-content/themes/api-provence/favicon/apple-icon-152x152.png]
[www.apiprovence.org/wp-content/themes/api-provence/favicon/apple-icon-180x180.png]
[www.apiprovence.org/wp-content/themes/api-provence/favicon/android-icon-192x192.png]
[www.apiprovence.org/wp-content/themes/api-provence/favicon/favicon-32x32.png]
[www.apiprovence.org/wp-content/themes/api-provence/favicon/favicon-96x96.png]
[www.apiprovence.org/wp-content/themes/api-provence/favicon/favicon-16x16.png]
[www.apiprovence.org/wp-content/themes/api-provence/favicon/manifest.json]
[www.apiprovence.org/wp-content/themes/api-provence/favicon/ms-icon-144x144.png]
[www.apiprovence.org/wp-content/uploads/2023/02/AdobeStock_172684843_Preview-miroir-copie_modifie.png]
[www.apiprovence.org/wp-includes/css/dist/block-library/style.min84fc.css]
[www.apiprovence.org/wp-content/cache/autoptimize/css/autoptimize_single_d305922d99d451e24c747842d663f33e5152.css]
[www.apiprovence.org/wp-content/cache/autoptimize/css/autoptimize_single_d3d1fe30e1ec2911f8ae1887ef0de5af5152.css]
[www.apiprovence.org/wp-content/cache/autoptimize/css/autoptimize_single_698e6bb3633a02cb97afab986ba240ff5152.css]
[www.apiprovence.org/wp-content/cache/autoptimize/css/autoptimize_single_3502f02df7fabd36d40396b95a8d42d55152.css]
[www.apiprovence.org/wp-content/cache/autoptimize/css/autoptimize_single_e01f68c7998f2a22c6b3ce4303b6cec15152.css]
[www.apiprovence.org/wp-content/cache/autoptimize/css/autoptimize_single_fb641f334b6454791b6a9d6ba67d0f1d5152.css]
[www.apiprovence.org/wp-content/cache/autoptimize/css/autoptimize_single_e171581c1b1e29626e00b8e0b6041c2b5152.css]
[www.apiprovence.org/wp-content/cache/autoptimize/css/autoptimize_single_727d667bd9c49d3c291d5c1e899f0f915152.css]
[www.apiprovence.org/wp-content/cache/autoptimize/css/autoptimize_single_c54a9246abbe47f58bb9b5c5c7a276c65152.css]
[www.apiprovence.org/wp-content/cache/autoptimize/js/autoptimize_single_5f8f4aed010e1afe499184d8197309f968b3.js]
[ajax.googleapis.com/ajax/libs/jquery/3.6.0/jquery.minaf6c.js]
[www.apiprovence.org/wp-content/cache/autoptimize/css/autoptimize_single_31fed68bdd5079e712bba886257335325152.css]
[www.apiprovence.org/wp-content/cache/autoptimize/js/autoptimize_single_7e72ec8532bc422c60c04d1019da998e68b3.js]
[www.apiprovence.org/wp-content/cache/autoptimize/css/autoptimize_single_3f231835bcdebad5b2c91b7f822b69ab5152.css]
[www.apiprovence.org/wp-json/index.html]
[www.apiprovence.org/wp-json/wp/v2/pages/58]
[www.apiprovence.org/xmlrpc0db0.php]
[www.apiprovence.org/wp-content/cache/autoptimize/css/autoptimize_single_ccf916698bf966cb2e893c2f51cf1d855152.css]
[www.apiprovence.org/wp-json/oembed/1.0/embed2adf]
[www.apiprovence.org/wp-json/oembed/1.0/embed7453]
[www.apiprovence.org/wp-content/cache/autoptimize/css/autoptimize_single_2440b75d9ca7bef2d9285548315ef1775152.css]
[www.apiprovence.org/wp-content/uploads/2023/02/LOGO-API-SANS-BASELINE.png]
[www.apiprovence.org/wp-content/cache/autoptimize/js/autoptimize_single_f25a50a6da710cff151e767f6d70a0b48a54.js]
[www.apiprovence.org/wp-content/cache/autoptimize/css/autoptimize_single_365eb293c34a6e56da47ac949841907a5152.css]
[www.apiprovence.org/wp-content/cache/autoptimize/css/autoptimize_single_8f6ef761907e4cb6c5d652a14376a2f85152.css]
[www.apiprovence.org/wp-content/cache/autoptimize/css/autoptimize_single_668898a7712923614f245fc25c3156df5152.css]
[www.apiprovence.org/wp-content/cache/autoptimize/css/autoptimize_single_466a705f9f6c4370b22b6262b377c4425152.css]
[www.apiprovence.org/wp-content/cache/autoptimize/css/autoptimize_single_47eac8619960ed995c5c606db49f54475152.css]
[www.apiprovence.org/wp-content/cache/autoptimize/css/autoptimize_single_cba63863156da90bd221f102dfa012bc5152.css]
[www.apiprovence.org/wp-content/cache/autoptimize/css/autoptimize_single_e60da3dabb16fc3d564f50db491ac2af5152.css]
[www.apiprovence.org/wp-content/cache/autoptimize/css/autoptimize_single_128e1586ea2196334c989e84ecb2f2da5152.css]
[www.apiprovence.org/wp-content/cache/autoptimize/css/autoptimize_single_310663d9e01e0b818f17e038e7585fbe5152.css]
[www.apiprovence.org/wp-content/cache/autoptimize/css/autoptimize_single_02e3897e2fb2e86d42d176d5fa812d6e5152.css]
[www.apiprovence.org/wp-content/uploads/2022/11/Mask-Group-4.png]
[www.apiprovence.org/wp-content/uploads/2023/02/PCM-6.3-2022-06-13-scaled.jpg]
[www.apiprovence.org/wp-content/cache/autoptimize/css/autoptimize_single_43ee6d2f99293f8e510e728fd143ffb55152.css]
[www.apiprovence.org/wp-content/uploads/2022/11/Group-56.png]
[www.apiprovence.org/wp-content/uploads/2022/11/picto_service_accompagne.png]
[www.apiprovence.org/wp-content/uploads/2022/11/picto_service_jeune.png]
[www.apiprovence.org/wp-content/cache/autoptimize/css/autoptimize_single_aa90d3928e2f85c170c1383a2aae3bc75152.css]
[www.apiprovence.org/wp-content/cache/autoptimize/css/autoptimize_single_8e734ebb478a346d70f268b6b0cb23915152.css]
[www.apiprovence.org/wp-content/uploads/2022/11/picto_serivce_asile.png]
[www.apiprovence.org/wp-content/uploads/2022/11/picto_service_autre.png]
[www.apiprovence.org/wp-content/cache/autoptimize/css/autoptimize_single_e4321368d987c9891b7648ac7d6a2c2c5152.css]
[www.apiprovence.org/wp-content/uploads/2024/02/BRIGNOLES-MAISON-GARNIER-1-1-scaled.jpg]
[www.apiprovence.org/wp-content/uploads/2023/12/image00002-1-scaled.jpeg]
[www.apiprovence.org/wp-content/cache/autoptimize/css/autoptimize_single_fad376c079c4b143f5f2d1fc982cad7c5152.css]
[www.apiprovence.org/wp-content/uploads/2023/11/Residence-de-Grasse-API-Provence-Equipe-scaled.jpg]
[www.apiprovence.org/wp-content/cache/autoptimize/css/autoptimize_single_3fd2afa98866679439097f4ab102fe0a7404.css]
[www.apiprovence.org/wp-content/uploads/2023/02/Sans-titre-2.jpg]
[www.apiprovence.org/wp-content/uploads/2023/02/44177282_1979532202103024_231942944246988800_n-1024x1024.png]
[www.apiprovence.org/wp-content/cache/autoptimize/css/autoptimize_single_9c6416ed1bcd85d7e3669e7f0873532884fc.css]
[www.apiprovence.org/wp-content/uploads/2023/02/logo-e1676561801225.png]
[www.apiprovence.org/wp-content/uploads/2023/02/Sans-titre-3.jpg]
[www.apiprovence.org/wp-content/uploads/2023/02/9.jpg]
[www.apiprovence.org/wp-content/uploads/2023/02/12.jpg]
[www.apiprovence.org/contact/index.html]
[www.apiprovence.org/wp-content/cache/autoptimize/js/autoptimize_single_efc27e253fae1b7b891fb5a40e6877687404.js]
[www.apiprovence.org/qui-sommes-nous/index.html]
[www.apiprovence.org/wp-content/uploads/2023/02/LOGO-API-SANS-BASELINE-BLANC-e1675949152174.png]
[www.apiprovence.org/wp-content/cache/autoptimize/js/autoptimize_single_917602d642f84a211838f0c1757c4dc17404.js]
[www.apiprovence.org/nos-partenaires/index.html]
[www.apiprovence.org/wp-content/plugins/wsi-blocks/build/images/key-point-arrow.05184a1c.png]
[www.apiprovence.org/wp-content/plugins/wsi-blocks/build/images/home-banner-arrow.cf6bf23f.png]
[www.apiprovence.org/nos-bailleurs-sociaux/index.html]
[www.apiprovence.org/nos-projets-logements/index.html]
[www.apiprovence.org/wp-content/plugins/wsi-blocks/build/images/bg-default-button.5e8aa298.png]
[www.apiprovence.org/actualites/index.html]
[www.apiprovence.org/wp-content/plugins/wsi-blocks/build/images/bg-highlight-mobile.bcf0a231.png]
[www.apiprovence.org/wp-content/plugins/wsi-blocks/build/images/green-arrow.61da3d34.png]
[www.apiprovence.org/wp-content/plugins/wsi-blocks/build/images/blue-arrow.ad2e7e5f.png]
[www.apiprovence.org/vous-cherchez-un-logement/index.html]
[www.apiprovence.org/nos-logements-jeunes-etudiants/index.html]
[www.apiprovence.org/wp-content/uploads/2023/02/494490996-1.png]
[www.apiprovence.org/nos-logements-saisonniers/index.html]
[www.apiprovence.org/wp-json/wp/v2/pages/378]
[www.apiprovence.org/nos-logements-seniors/index.html]
[www.apiprovence.org/wp-content/uploads/2022/12/IMA_0378_bastien-JANNOT-JEROME_HDa-1024x682.jpg]
[www.apiprovence.org/wp-json/oembed/1.0/embedb7ce]
[www.apiprovence.org/wp-json/oembed/1.0/embeddeaf]
[www.apiprovence.org/wp-json/wp/v2/pages/248]
[www.apiprovence.org/nos-logements-accompagnes/index.html]
[www.apiprovence.org/nos-services-rsa/index.html]
[www.apiprovence.org/wp-content/uploads/2023/02/AdobeStock_384567453_qui_sommes-nous-1024x683.jpeg]
[www.apiprovence.org/nos-services-jeunes/index.html]
[www.apiprovence.org/wp-json/oembed/1.0/embed0483]
[www.apiprovence.org/wp-json/oembed/1.0/embedac96]
[www.apiprovence.org/projet-cest-carre-84/index.html]
[www.apiprovence.org/wp-content/uploads/2022/11/partenaire2.png]
[www.apiprovence.org/nos-services-daccompagnement-logement/index.html]
[www.apiprovence.org/wp-json/wp/v2/pages/265]
[www.apiprovence.org/nos-services-asiles-refugies-etrangers/index.html]
[www.apiprovence.org/wp-json/oembed/1.0/embed3870]
[www.apiprovence.org/wp-content/uploads/2022/11/logos2.png]
[www.apiprovence.org/wp-json/oembed/1.0/embed6aa0]
[www.apiprovence.org/nos-autres-actions/index.html]
[www.apiprovence.org/wp-json/wp/v2/pages/274]
[www.apiprovence.org/wp-json/oembed/1.0/embed22bf]
[www.apiprovence.org/wp-json/oembed/1.0/embedbb3d]
[www.apiprovence.org/nos-formations/index.html]
[www.apiprovence.org/wp-content/uploads/2022/11/image_bandeau1.png]
[www.apiprovence.org/pourquoi-nous-rejoindre/index.html]
[www.apiprovence.org/wp-json/wp/v2/pages/281]
[www.apiprovence.org/wp-json/oembed/1.0/embed0f0b]
[www.apiprovence.org/demande-un-logement/index.html]
[www.apiprovence.org/wp-json/oembed/1.0/embed8570]
[www.apiprovence.org/wp-json/wp/v2/pages/77]
[www.apiprovence.org/nos-residences/residence-autonomie-villeneuve-loubet/index.html]
[www.apiprovence.org/wp-json/oembed/1.0/embede13e]
[www.apiprovence.org/wp-json/oembed/1.0/embed1780]
[www.apiprovence.org/wp-json/wp/v2/pages/326]
[www.apiprovence.org/la-pension-de-famille-de-brignoles-mise-en-avant-dans-var-matin/index.html]
[www.apiprovence.org/wp-json/oembed/1.0/embed1e3c]
[www.apiprovence.org/wp-json/oembed/1.0/embed547e]
[www.apiprovence.org/wp-content/uploads/2023/02/Monteux_VueRJA_02.jpg]
[www.apiprovence.org/noel-magique-a-la-residence-autonomie-api-provence-a-grasse/index.html]
[www.apiprovence.org/wp-content/uploads/2023/01/SOPHIA-ANTIPOLIS-SKEMA1-scaled.jpg]
[www.apiprovence.org/1ere-anniversaire-de-la-residence-autonomie-a-grasse/index.html]
[www.apiprovence.org/wp-content/uploads/2024/03/Tonduti-2-2.png]
[www.apiprovence.org/nos-logements/index.html]
[www.apiprovence.org/wp-content/uploads/2024/03/Soustelle-2-2-1-scaled.jpg]
[www.apiprovence.org/mentions-legales-2/index.html]
[www.apiprovence.org/wp-content/uploads/2023/02/SKY-VALLEY-exterieur-scaled.jpg]
[www.apiprovence.org/wp-content/themes/api-provence/build/img/menu-arrow.svg]
[www.apiprovence.org/wp-content/uploads/2024/03/Rouget-de-lIsle-3-2.png]
[www.apiprovence.org/wp-content/uploads/2024/03/Segurane-9-2.png]
[www.apiprovence.org/indexe8d3.html]
[www.apiprovence.org/wp-content/uploads/2024/03/Rouge-Gorge-12-2-1.png]
[www.apiprovence.org/indexcf9a.html]
[www.apiprovence.org/wp-content/uploads/2023/01/MOUANS-SARTOUX-REPUBLIQUE1-scaled.jpg]
[www.apiprovence.org/indexc61d.html]
[www.apiprovence.org/wp-content/uploads/2024/03/Plein-Sud-3-2-scaled.jpg]
[www.apiprovence.org/indexd251.html]
[www.apiprovence.org/wp-content/uploads/2023/01/NICE-LYMPIA-4-scaled.jpg]
[www.apiprovence.org/wp-content/uploads/2023/02/Monteux_VueRJA_02-1024x632.jpg]
[www.apiprovence.org/index73fa.html]
[www.apiprovence.org/wp-json/wp/v2/pages/285]
[www.apiprovence.org/indexb135.html]
[www.apiprovence.org/wp-json/oembed/1.0/embed4ef3]
[www.apiprovence.org/wp-json/oembed/1.0/embed95fc]
[www.apiprovence.org/index4bd3.html]
[www.apiprovence.org/wp-content/uploads/2022/11/etudiante.png]
[www.apiprovence.org/wp-content/uploads/2022/11/meuble.png]
[www.apiprovence.org/nos-residences/residence-sociale-jeunes-actifs-les-parcs/index.html]
[www.apiprovence.org/wp-content/uploads/2022/11/charge.png]
[www.apiprovence.org/wp-content/uploads/2022/11/anime.png]
[www.apiprovence.org/nos-residences/residence-etudiante-skema-valbonne-sophia-antipolis/index.html]
[www.apiprovence.org/wp-content/uploads/2022/11/localisation.png]
[www.apiprovence.org/wp-content/uploads/2023/02/AdobeStock_295120290_logement_saisonnier_et_etudiante-1024x339.jpeg]
[www.apiprovence.org/nos-residences/residence-sociale-tout-public-tonduti/index.html]
[www.apiprovence.org/wp-content/uploads/2023/03/039A5484-scaled.jpg]
[www.apiprovence.org/wp-content/uploads/2023/01/CANNES-FIGUIER1-scaled.jpg]
[www.apiprovence.org/wp-content/uploads/2022/11/residences-saisonnieres-1024x680.jpg]
[www.apiprovence.org/wp-json/wp/v2/pages/308]
[www.apiprovence.org/wp-json/oembed/1.0/embed2c9e]
[www.apiprovence.org/wp-json/oembed/1.0/embedc24b]
[www.apiprovence.org/wp-content/uploads/2023/02/AdobeStock_167716331.jpg]
[www.apiprovence.org/wp-content/uploads/2022/11/picto_meuble_studio_petit.png]
[www.apiprovence.org/wp-content/uploads/2022/11/logement_senior.png]
[www.apiprovence.org/wp-json/wp/v2/pages/317]
[www.apiprovence.org/wp-json/oembed/1.0/embede903]
[www.apiprovence.org/wp-json/oembed/1.0/embed742d]
[www.apiprovence.org/wp-content/uploads/2023/02/AdobeStock_279901729.jpg]
[www.apiprovence.org/wp-content/uploads/2022/11/animation.png]
[www.apiprovence.org/nos-residences/residence-sociale-tout-public-soustelle/index.html]
[www.apiprovence.org/wp-content/uploads/2023/02/AdobeStock_109314739_logement_seniors-2-1-1024x300.png]
[www.apiprovence.org/wp-content/uploads/2023/03/039A5538-scaled.jpg]
[www.apiprovence.org/nos-residences/residence-etudiante-sky-valley/index.html]
[www.apiprovence.org/wp-content/uploads/2022/11/page-Residences-seniors.png]
[www.apiprovence.org/nos-residences/residence-sociale-tout-public-segurane/index.html]
[www.apiprovence.org/wp-content/uploads/2023/02/AdobeStock_108034362_Nos-logements-accompagnes1-1-1024x683.jpeg]
[www.apiprovence.org/wp-json/wp/v2/pages/324]
[www.apiprovence.org/nos-residences/residence-sociale-tout-public-rouget-de-lisle/index.html]
[www.apiprovence.org/wp-json/oembed/1.0/embed7cd0]
[www.apiprovence.org/wp-json/oembed/1.0/embedd944]
[www.apiprovence.org/wp-content/uploads/2023/02/AdobeStock_131337343_nos_logement_accompagne2-1024x683.jpeg]
[www.apiprovence.org/wp-content/uploads/2022/11/Path-383.png]
[www.apiprovence.org/wp-json/wp/v2/pages/334]
[www.apiprovence.org/wp-json/oembed/1.0/embeddea8]
[www.apiprovence.org/wp-json/oembed/1.0/embed63a5]
[www.apiprovence.org/wp-content/uploads/2023/02/multiple-users-silhouette-1.png]
[www.apiprovence.org/wp-content/uploads/2022/11/Path-190.png]
[www.apiprovence.org/wp-content/uploads/2022/11/Path-385.png]
[www.apiprovence.org/wp-content/uploads/2022/11/Group-72135.png]
[www.apiprovence.org/wp-content/uploads/2022/11/Group-72137.png]
[www.apiprovence.org/wp-content/uploads/2023/02/AdobeStock_338273910-2.png]
[www.apiprovence.org/wp-json/wp/v2/pages/360]
[www.apiprovence.org/wp-json/oembed/1.0/embed05b0]
[www.apiprovence.org/wp-content/uploads/2022/11/picto_RSA.png]
[www.apiprovence.org/wp-json/oembed/1.0/embed5acd]
[www.apiprovence.org/wp-content/uploads/2023/10/Cest-carre-3.png]
[www.apiprovence.org/wp-json/wp/v2/pages/4602]
[www.apiprovence.org/wp-json/oembed/1.0/embedebdb]
[www.apiprovence.org/wp-content/uploads/2023/02/AdobeStock_158808104.jpg]
[www.apiprovence.org/wp-json/oembed/1.0/embed68c4]
[www.apiprovence.org/wp-json/wp/v2/pages/758]
[www.apiprovence.org/wp-json/oembed/1.0/embed6c6e]
[www.apiprovence.org/wp-content/uploads/2022/11/jeune_blanc.png]
[www.apiprovence.org/wp-json/oembed/1.0/embed7314]
[www.apiprovence.org/wp-content/uploads/2023/02/AdobeStock_422780100.jpg]
[www.apiprovence.org/wp-json/wp/v2/pages/767]
[www.apiprovence.org/wp-json/oembed/1.0/embedb841]
[www.apiprovence.org/wp-content/uploads/2023/02/AdobeStock_536494651.jpg]
[www.apiprovence.org/wp-json/oembed/1.0/embed16db]
[www.apiprovence.org/wp-content/uploads/2022/11/picto_accompagne_blanc.png]
[www.apiprovence.org/wp-content/uploads/2022/11/autre_blanc.png]
[www.apiprovence.org/wp-content/uploads/2022/11/Photo-Jouons-en-famille-1024x683.jpg]
[www.apiprovence.org/wp-json/wp/v2/pages/791]
[www.apiprovence.org/wp-content/uploads/2023/02/AdobeStock_465001946.jpg]
[www.apiprovence.org/wp-json/oembed/1.0/embed1b52]
[www.apiprovence.org/wp-json/oembed/1.0/embed4440]
[www.apiprovence.org/wp-content/uploads/2022/11/RGB_VEOLIA_HD_image.png]
[www.apiprovence.org/wp-content/uploads/2023/02/fondation_abbe_pierre_presentation_nouveau_logo_2016.jpg]
[www.apiprovence.org/wp-content/uploads/2023/02/Logo_actionLogement-2-1024x512.png]
[www.apiprovence.org/wp-content/uploads/2023/02/AdobeStock_142781697_nos_formation-1024x683.jpeg]
[www.apiprovence.org/wp-json/wp/v2/pages/844]
[www.apiprovence.org/wp-json/oembed/1.0/embedd2b4]
[www.apiprovence.org/wp-content/uploads/2023/05/Plaquette-centre-de-formation.pdf]
[www.apiprovence.org/wp-json/oembed/1.0/embed1661]
[www.apiprovence.org/wp-content/uploads/2023/02/AdobeStock_461547516_nous_rejoindre-1.png]
[www.apiprovence.org/wp-json/wp/v2/pages/385]
[www.apiprovence.org/wp-json/oembed/1.0/embed91a1]
[www.apiprovence.org/wp-content/uploads/2022/11/AdobeStock_543426982_offre.png]
[www.apiprovence.org/wp-json/oembed/1.0/embed2b68]
[www.apiprovence.org/wp-content/uploads/2022/11/74.png]
[www.apiprovence.org/wp-content/uploads/2022/11/73.png]
[www.apiprovence.org/wp-content/uploads/2022/11/64.png]
[www.apiprovence.org/wp-content/uploads/2022/11/AdobeStock_127634768-1024x376.png]
[www.apiprovence.org/wp-content/uploads/2023/02/AdobeStock_465771149_nous_rejoindre2-1-1024x536.png]
[www.apiprovence.org/wp-content/uploads/2023/02/AdobeStock_370414215-scaled.jpeg]
[www.apiprovence.org/wp-json/wp/v2/pages/415]
[www.apiprovence.org/wp-json/oembed/1.0/embed1cf5]
[www.apiprovence.org/wp-content/uploads/2023/08/RHJ_Dossier-de-candidature-pour-un-logement-RHJ-202301-1.pdf]
[www.apiprovence.org/wp-json/oembed/1.0/embedd79b]
[www.apiprovence.org/wp-content/uploads/2023/12/4.-Dossier-de-demande-dadmission.pdf]
[www.apiprovence.org/wp-content/uploads/2023/04/RSJA_Dossier_de_candidature_pour_un_logement.pdf]
[www.apiprovence.org/wp-json/wp/v2/ws-residences/2642]
[www.apiprovence.org/wp-json/oembed/1.0/embed0215]
[www.apiprovence.org/wp-content/uploads/2023/02/PCM-6.3-2022-06-13-1024x600.jpg]
[www.apiprovence.org/wp-json/oembed/1.0/embed93e3]
[www.apiprovence.org/nos-residences/residence-sociale-tout-public-rouge-gorge/index.html]
[www.apiprovence.org/wp-content/uploads/2023/12/CUISINE-COBALT-1024x768.jpg]
[www.apiprovence.org/wp-content/uploads/2022/11/picto_machine_laver.png]
[www.apiprovence.org/wp-content/uploads/2023/12/TERRASSE-1024x768.jpg]
[www.apiprovence.org/nos-residences/residence-habitat-jeunes-republique/index.html]
[www.apiprovence.org/nos-residences/residence-sociale-tout-public-plein-sud/index.html]
[www.apiprovence.org/wp-content/uploads/2022/12/picto_velo.png]
[www.apiprovence.org/wp-content/uploads/2022/11/key.png]
[www.apiprovence.org/nos-residences/residence-sociale-tout-public-lympia/index.html]
[www.apiprovence.org/wp-content/uploads/2023/02/AdobeStock_209180450.jpg]
[www.apiprovence.org/la-pension-de-famille-de-brignoles-mise-en-avant-dans-var-matin/feed/index.html]
[www.apiprovence.org/indexd0b8.html]
[www.apiprovence.org/wp-json/wp/v2/posts/5823]
[www.apiprovence.org/nos-residences/residence-saisonniere-et-etudiante-les-sables-dargent/index.html]
[www.apiprovence.org/wp-json/oembed/1.0/embedfc6d]
[www.apiprovence.org/wp-json/oembed/1.0/embed2957]
[www.apiprovence.org/nos-residences/residence-saisonniere-et-etudiante-le-figuier/index.html]
[www.apiprovence.org/wp-content/uploads/2024/02/BRIGNOLES-MAISON-GARNIER-1-1024x683.jpg]
[www.apiprovence.org/wp-content/uploads/2024/02/1026_001.pdf]
[www.apiprovence.org/indexf454.html]
[www.apiprovence.org/index4ef8.html]
[www.apiprovence.org/noel-magique-a-la-residence-autonomie-api-provence-a-grasse/feed/index.html]
[www.apiprovence.org/wp-json/wp/v2/posts/5183]
[www.apiprovence.org/nos-residences/residence-autonomie-porte-neuve/index.html]
[www.apiprovence.org/wp-json/oembed/1.0/embed14ec]
[www.apiprovence.org/nos-residences/residence-autonomie-lou-paradou/index.html]
[www.apiprovence.org/wp-json/oembed/1.0/embedaa74]
[www.apiprovence.org/indexf47a.html]
[www.apiprovence.org/wp-content/uploads/2023/12/image00002-1-1024x768.jpeg]
[www.apiprovence.org/wp-content/uploads/2023/12/image00007-768x1024.jpeg]
[www.apiprovence.org/wp-content/uploads/2023/12/bb65e75d-94f0-46d2-b701-0b9f5cf743c7-1024x384.jpg]
[www.apiprovence.org/indexd06c.html]
[www.apiprovence.org/1ere-anniversaire-de-la-residence-autonomie-a-grasse/feed/index.html]
[www.apiprovence.org/index4c85.html]
[www.apiprovence.org/wp-json/wp/v2/posts/4792]
[www.apiprovence.org/wp-json/oembed/1.0/embedb5fb]
[www.apiprovence.org/index0036.html]
[www.apiprovence.org/indexd4c3.html]
[www.apiprovence.org/wp-json/oembed/1.0/embed9822]
[www.apiprovence.org/wp-content/uploads/2023/11/Residence-de-Grasse-API-Provence-Equipe-1024x768.jpg]
[www.apiprovence.org/indexf66f.html]
[www.apiprovence.org/wp-content/uploads/2023/11/thumbnail_IMG_3087-1-768x1024.jpg]
[www.apiprovence.org/wp-json/wp/v2/pages/1525]
[www.apiprovence.org/index106b.html]
[www.apiprovence.org/indexd1fc.html]
[unpkg.com/axios/dist/axios.min84fc.js]
[www.apiprovence.org/wp-json/oembed/1.0/embed622f]
[www.apiprovence.org/wp-json/oembed/1.0/embed53b7]
[www.apiprovence.org/indexf1ac.html]
[www.apiprovence.org/wp-json/wp/v2/ws-residences/2637]
[www.apiprovence.org/indexd519.html]
[www.apiprovence.org/wp-json/oembed/1.0/embedeca6]
[www.apiprovence.org/wp-json/oembed/1.0/embed4deb]
[www.apiprovence.org/index02a5.html]
[www.apiprovence.org/wp-content/uploads/2023/07/IMG_3175-scaled.jpg]
[www.apiprovence.org/indexbb33.html]
[www.apiprovence.org/wp-content/uploads/2024/03/La-Calanque-1-2-scaled.jpg]
[www.apiprovence.org/wp-content/uploads/2022/11/Group-74.svg]
[www.apiprovence.org/wp-json/wp/v2/ws-residences/2536]
[www.apiprovence.org/category/presse/index.html]
[www.apiprovence.org/wp-json/oembed/1.0/embed340f]
[www.apiprovence.org/nos-residences/pension-de-famille-maison-garnier/index.html]
[www.apiprovence.org/wp-json/oembed/1.0/embedfa40]
[www.apiprovence.org/wp-content/uploads/2023/01/SOPHIA-ANTIPOLIS-SKEMA1-1024x683.jpg]
[www.apiprovence.org/wp-content/uploads/2023/01/SOPHIA-ANTIPOLIS-SKEMA2-1024x717.jpg]
[www.apiprovence.org/wp-content/uploads/2023/01/SOPHIA-ANTIPOLIS-SKEMA3-1024x717.jpg]
[www.apiprovence.org/indexe6c6.html]
[www.apiprovence.org/wp-content/uploads/2022/11/parking.png]
[www.apiprovence.org/wp-content/uploads/2022/11/lettre.png]
[www.apiprovence.org/category/evenement/index.html]
[www.apiprovence.org/wp-content/uploads/2022/11/christin-hume-hBuwVLcYTnA-unsplash.png]
[www.apiprovence.org/indexcde3.html]
[www.apiprovence.org/wp-json/wp/v2/ws-residences/1817]
[www.apiprovence.org/wp-json/oembed/1.0/embedbdcb]
[www.apiprovence.org/category/vie-associative/index.html]
[www.apiprovence.org/indexe2de.html]
[www.apiprovence.org/wp-json/oembed/1.0/embed2f1a]
[www.apiprovence.org/wp-content/uploads/2024/03/Tonduti-2-2-1024x768.png]
[www.apiprovence.org/wp-json/wp/v2/ws-residences/1812]
[www.apiprovence.org/indexfb9a.html]
[www.apiprovence.org/wp-json/oembed/1.0/embedc9cd]
[www.apiprovence.org/nos-residences/residence-sociale-jeunes-actifs-campus-sud/index.html]
[www.apiprovence.org/wp-content/uploads/2024/03/Soustelle-2-2-1-1024x768.jpg]
[www.apiprovence.org/wp-content/uploads/2023/01/LA-BOCCA-SOUSTELLE1-1024x683.jpg]
[www.apiprovence.org/wp-json/oembed/1.0/embedcc69]
[www.apiprovence.org/nos-residences/residence-sociale-jeunes-actifs-la-calanque/index.html]
[www.apiprovence.org/wp-content/uploads/2023/01/LA-BOCCA-SOUSTELLE2-1024x683.jpg]
[www.apiprovence.org/wp-json/wp/v2/ws-residences/1807]
[www.apiprovence.org/indexe445.html]
[www.apiprovence.org/index2b67.html]
[www.apiprovence.org/wp-content/uploads/2023/02/SKY-VALLEY-exterieur-1024x683.jpg]
[www.apiprovence.org/wp-json/oembed/1.0/embedd322]
[www.apiprovence.org/wp-json/oembed/1.0/embed47e3]
[www.apiprovence.org/wp-content/uploads/2023/02/SKY-VALLEY-T2-salon-1024x683.jpg]
[www.apiprovence.org/wp-content/uploads/2023/02/SKY-VALLEY-cuisine-1024x683.jpg]
[www.apiprovence.org/wp-content/uploads/2022/11/wifi.png]
[www.apiprovence.org/wp-content/uploads/2023/02/AdobeStock_35329291_quartier3-1024x685.jpeg]
[www.apiprovence.org/wp-content/uploads/2024/03/Segurane-9-2-768x1024.png]
[www.apiprovence.org/indexa6f0.html]
[www.apiprovence.org/wp-json/wp/v2/ws-residences/1804]
[www.apiprovence.org/wp-json/oembed/1.0/embedb236]
[www.apiprovence.org/index0cf1.html]
[www.apiprovence.org/wp-content/uploads/2024/03/Segurane-9-2.png]
[www.apiprovence.org/wp-json/oembed/1.0/embeddd2d]
[www.apiprovence.org/wp-content/uploads/2024/03/Rouget-de-lIsle-3-2-1024x768.png]
[www.apiprovence.org/wp-json/wp/v2/ws-residences/1799]
[www.apiprovence.org/index53f0.html]
[www.apiprovence.org/wp-json/oembed/1.0/embede9ed]
[www.apiprovence.org/wp-json/oembed/1.0/embed53da]
[www.apiprovence.org/wp-content/uploads/2024/03/Rouge-Gorge-12-2-1-1024x768.png]
[www.apiprovence.org/wp-json/wp/v2/ws-residences/1796]
[www.apiprovence.org/wp-json/oembed/1.0/embedb006]
[www.apiprovence.org/wp-json/oembed/1.0/embed934d]
[www.apiprovence.org/wp-content/uploads/2023/02/CANNES-ROUGE-GORGE-1024x683.jpg]
[www.apiprovence.org/wp-content/uploads/2024/03/Rouge-Gorge-12-2-1.png]
[www.apiprovence.org/wp-json/wp/v2/ws-residences/1791]
[www.apiprovence.org/wp-json/oembed/1.0/embed8f35]
[www.apiprovence.org/wp-json/oembed/1.0/embede1c0]
[www.apiprovence.org/wp-content/uploads/2023/03/039A5560-1024x683.jpg]
[www.apiprovence.org/wp-content/uploads/2023/01/MOUANS-SARTOUX-REPUBLIQUE2-1024x683.jpg]
[www.apiprovence.org/wp-content/uploads/2023/02/AVIGNON-VAN-RS1-scaled.jpg]
[www.apiprovence.org/wp-content/uploads/2023/02/AVIGNON-CLOS1-scaled.jpg]
[www.apiprovence.org/wp-content/uploads/2023/03/039A5495-scaled.jpg]
[www.apiprovence.org/wp-json/wp/v2/ws-residences/1785]
[www.apiprovence.org/wp-json/oembed/1.0/embed83dc]
[www.apiprovence.org/wp-content/uploads/2023/02/Plein-Sud-1-2-1024x768.png]
[www.apiprovence.org/wp-json/oembed/1.0/embedeb64]
[www.apiprovence.org/wp-content/uploads/2023/01/CANNES-PLEIN-SUD1-1024x683.jpg]
[www.apiprovence.org/wp-content/uploads/2023/01/CANNES-PLEIN-SUD2-1024x683.jpg]
[www.apiprovence.org/wp-json/wp/v2/ws-residences/1770]
[www.apiprovence.org/wp-json/oembed/1.0/embed0b75]
[www.apiprovence.org/wp-json/oembed/1.0/embed749e]
[www.apiprovence.org/wp-content/uploads/2023/01/NICE-LYMPIA-4-1024x682.jpg]
[www.apiprovence.org/wp-content/uploads/2023/01/NICE-LYMPIA-1-1024x683.jpg]
[www.apiprovence.org/wp-content/uploads/2023/01/NICE-LYMPIA-3-1024x683.jpg]
[www.apiprovence.org/wp-json/wp/v2/ws-residences/1401]
[www.apiprovence.org/wp-json/oembed/1.0/embed1f98]
[www.apiprovence.org/wp-json/oembed/1.0/embed45d6]
[www.apiprovence.org/wp-content/uploads/2022/12/Les-Sables-D_Argent-Facade-1024x614.jpg]
[www.apiprovence.org/wp-content/uploads/2023/03/039A5486-1024x683.jpg]
[www.apiprovence.org/wp-content/uploads/2023/03/039A5488-683x1024.jpg]
[www.apiprovence.org/wp-content/uploads/2023/02/AdobeStock_250840427_quartier7-1024x683.jpeg]
[www.apiprovence.org/wp-json/wp/v2/ws-residences/1396]
[www.apiprovence.org/wp-json/oembed/1.0/embedd1e8]
[www.apiprovence.org/wp-json/oembed/1.0/embedf9fd]
[www.apiprovence.org/wp-content/uploads/2023/01/CANNES-FIGUIER1-1024x683.jpg]
[www.apiprovence.org/wp-content/uploads/2023/01/CANNES-FIGUIER2-1024x683.jpg]
[www.apiprovence.org/wp-content/uploads/2023/01/CANNES-FIGUIER3-1024x683.jpg]
[www.apiprovence.org/wp-content/uploads/2022/11/ascenceur.png]
[www.apiprovence.org/wp-content/uploads/2023/02/AdobeStock_121585638_quartier-1024x683.jpeg]
[www.apiprovence.org/wp-json/wp/v2/ws-residences/556]
[www.apiprovence.org/wp-json/oembed/1.0/embeddd53]
[www.apiprovence.org/wp-content/uploads/2023/03/039A5545-1024x683.jpg]
[www.apiprovence.org/wp-json/oembed/1.0/embedf509]
[www.apiprovence.org/wp-content/uploads/2022/11/Porte-Neuve-Grasse-salon-2-1024x786.jpg]
[www.apiprovence.org/wp-content/uploads/2022/11/Porte-Neuve-Grassechambre-2-1024x864.jpg]
[www.apiprovence.org/wp-content/uploads/2022/11/RSA_3.png]
[www.apiprovence.org/wp-json/wp/v2/ws-residences/542]
[www.apiprovence.org/wp-json/oembed/1.0/embedc27e]
[www.apiprovence.org/wp-json/oembed/1.0/embed0cf8]
[www.apiprovence.org/wp-content/uploads/2022/11/lou-paradou-12-md.png]
[www.apiprovence.org/wp-content/uploads/2022/11/cuisine.png]
[www.apiprovence.org/wp-content/uploads/2022/11/lou-paradou-77-md.png]
[www.apiprovence.org/wp-content/uploads/2022/11/jardin.png]
[www.apiprovence.org/category/presse/feed/index.html]
[www.apiprovence.org/wp-content/uploads/2023/03/039A5270-scaled.jpg]
[www.apiprovence.org/wp-json/wp/v2/categories/8]
[www.apiprovence.org/wp-json/wp/v2/ws-residences/570]
[www.apiprovence.org/wp-json/oembed/1.0/embed9ef5]
[www.apiprovence.org/wp-content/uploads/2023/02/BRIGNOLES-MAISON-GARNIER-2-1024x683.jpg]
[www.apiprovence.org/wp-content/uploads/2023/07/BRIGNOLES-MAISON-GARNIER-1-1-1024x683.jpg]
[www.apiprovence.org/wp-json/oembed/1.0/embedd05d]
[www.apiprovence.org/wp-content/uploads/2023/02/BRIGNOLES-MAISON-GARNIER-3-1024x683.jpg]
[www.apiprovence.org/wp-content/uploads/2022/11/Group-56-1.png]
[www.apiprovence.org/wp-content/uploads/2023/01/GRASSE-CLOS-NOTRE-DAME5-scaled.jpg]
[www.apiprovence.org/wp-content/uploads/2023/03/039A5504-scaled.jpg]
[www.apiprovence.org/wp-content/uploads/2023/02/VENCE-CABRAIRE1-1-scaled.jpg]
[www.apiprovence.org/category/evenement/feed/index.html]
[www.apiprovence.org/wp-json/wp/v2/categories/55]
[www.apiprovence.org/category/vie-associative/feed/index.html]
[www.apiprovence.org/wp-json/wp/v2/categories/7]
[www.apiprovence.org/wp-json/wp/v2/ws-residences/1751]
[www.apiprovence.org/wp-json/oembed/1.0/embed8c2f]
[www.apiprovence.org/wp-content/uploads/2023/07/IMG_3175-1024x768.jpg]
[www.apiprovence.org/wp-json/oembed/1.0/embedf181]
[www.apiprovence.org/wp-content/uploads/2023/07/IMG_3155-1024x768.jpg]
[www.apiprovence.org/wp-content/uploads/2023/07/IMG_3160-1024x768.jpg]
[www.apiprovence.org/wp-json/wp/v2/ws-residences/1415]
[www.apiprovence.org/wp-json/oembed/1.0/embed7ca8]
[www.apiprovence.org/wp-content/uploads/2024/03/La-Calanque-1-2-1024x768.jpg]
[www.apiprovence.org/wp-content/uploads/2024/03/La-Calanque-12-2-1024x768.jpg]
[www.apiprovence.org/wp-json/oembed/1.0/embedc506]
[www.apiprovence.org/wp-content/uploads/2024/03/La-Calanque-5-2-1024x768.jpg]
[www.apiprovence.org/index9437.html]
[www.apiprovence.org/index922d.html]
[www.apiprovence.org/index639e.html]
[www.apiprovence.org/nos-residences/residence-habitat-jeunes-le-van-dyck/index.html]
[www.apiprovence.org/wp-json/oembed/1.0/embedfc3c]
[www.apiprovence.org/wp-json/oembed/1.0/embed31a4]
[www.apiprovence.org/wp-json/wp/v2/ws-residences/1339]
[www.apiprovence.org/nos-residences/residence-habitat-jeunes-le-clos-du-jardin-neuf/index.html]
[www.apiprovence.org/wp-content/uploads/2023/02/AVIGNON-VAN-RS1-1024x683.jpg]
[www.apiprovence.org/wp-content/uploads/2023/02/AVIGNON-VAN-AUBERGE-J-1024x683.jpg]
[www.apiprovence.org/wp-content/uploads/2023/02/AVIGNON-VAN-ACCUEIL-1024x683.jpg]
[www.apiprovence.org/nos-residences/residence-habitat-jeunes-valbonne/index.html]
[www.apiprovence.org/wp-json/wp/v2/ws-residences/1334]
[www.apiprovence.org/index7128.html]
[www.apiprovence.org/wp-json/oembed/1.0/embed5cd5]
[www.apiprovence.org/wp-content/uploads/2023/02/AVIGNON-CLOS1-1024x683.jpg]
[www.apiprovence.org/wp-json/oembed/1.0/embed309f]
[www.apiprovence.org/indexca4d.html]
[www.apiprovence.org/wp-content/uploads/2023/02/AVIGNON-CLOS4-1024x683.jpg]
[www.apiprovence.org/index8e8b.html]
[www.apiprovence.org/wp-content/uploads/2023/02/AVIGNON-CLOS3-1024x683.jpg]
[www.apiprovence.org/indexc58f.html]
[www.apiprovence.org/wp-json/wp/v2/ws-residences/1327]
[www.apiprovence.org/wp-json/oembed/1.0/embed175a]
[www.apiprovence.org/indexa215.html]
[www.apiprovence.org/wp-json/oembed/1.0/embed3a86]
[www.apiprovence.org/wp-content/uploads/2023/03/039A5495-1024x683.jpg]
[www.apiprovence.org/index0d79.html]
[www.apiprovence.org/wp-content/uploads/2022/12/RHJ-Valbonne-cuisine.jpg]
[www.apiprovence.org/indexfa8d.html]
[www.apiprovence.org/wp-content/uploads/2022/12/RHJ-Valbonne-chambre.jpg]
[www.apiprovence.org/nos-residences/pension-de-famille-clos-notre-dame/index.html]
[www.apiprovence.org/wp-content/uploads/2023/03/039A5270-scaled.jpg]
[www.apiprovence.org/nos-residences/pension-de-famille-la-passerelle/index.html]
[www.apiprovence.org/wp-json/wp/v2/ws-residences/1626]
[www.apiprovence.org/nos-residences/pension-de-famille-la-cabraire/index.html]
[www.apiprovence.org/wp-content/uploads/2023/01/GRASSE-PF-CLOS-NOTRE-DAME5-1024x683.jpg]
[www.apiprovence.org/wp-json/oembed/1.0/embed1bc8]
[www.apiprovence.org/wp-json/oembed/1.0/embed7376]
[www.apiprovence.org/indexf549.html]
[www.apiprovence.org/wp-content/uploads/2023/01/GRASSE-CLOS-NOTRE-DAME3-1024x683.jpg]
[www.apiprovence.org/wp-content/uploads/2023/01/GRASSE-CLOS-NOTRE-DAME4-1024x683.jpg]
[www.apiprovence.org/indexe2d5.html]
[www.apiprovence.org/index9be9.html]
[www.apiprovence.org/wp-json/wp/v2/ws-residences/486]
[www.apiprovence.org/wp-json/oembed/1.0/embed68b5]
[www.apiprovence.org/indexbd47.html]
[www.apiprovence.org/wp-content/uploads/2023/03/039A5499-683x1024.jpg]
[www.apiprovence.org/wp-json/oembed/1.0/embed3101]
[www.apiprovence.org/wp-content/uploads/2023/03/039A5513-1024x683.jpg]
[www.apiprovence.org/wp-content/uploads/2023/03/039A5512-1024x683.jpg]
[www.apiprovence.org/index164e.html]
[www.apiprovence.org/wp-content/uploads/2022/11/potager.png]
[www.apiprovence.org/wp-content/uploads/2022/11/petanque.png]
[www.apiprovence.org/wp-content/uploads/2022/12/AdobeStock_510680505_enligne.png]
[www.apiprovence.org/wp-json/wp/v2/ws-residences/473]
[www.apiprovence.org/wp-json/oembed/1.0/embed9871]
[www.apiprovence.org/wp-json/oembed/1.0/embed97d0]
[www.apiprovence.org/wp-content/uploads/2023/02/VENCE-CABRAIRE1-1-1024x683.jpg]
[www.apiprovence.org/wp-content/uploads/2023/02/VENCE-CABRAIRE2-1024x683.jpg]
[www.apiprovence.org/wp-content/uploads/2023/02/VENCE-CABRAIRE3-1024x683.jpg]
[www.apiprovence.org/indexe264.html]
[www.apiprovence.org/index2807.html]
[www.apiprovence.org/index01a2.html]
